# python_graphs

rubio_torres@Torres-300E5M-300E5L:~/IC/python_graphs$ python matriz.py
Partition of a set of 26330 objects. Total size = 3363904 bytes.
 Index  Count   %     Size   % Cumulative  % Kind (class / dict of class)
     0  12022  46   952976  28    952976  28 str
     1   5902  22   476104  14   1429080  42 tuple
     2    325   1   281080   8   1710160  51 dict (no owner)
     3     72   0   217536   6   1927696  57 dict of module
     4    200   1   211904   6   2139600  64 dict of type
     5   1636   6   209408   6   2349008  70 types.CodeType
     6   1600   6   192000   6   2541008  76 function
     7    200   1   177912   5   2718920  81 type
     8    124   0   135328   4   2854248  85 dict of class
     9   1045   4    83600   2   2937848  87 __builtin__.wrapper_descriptor
<90 more rows. Type e.g. '_.more' to view.>
rubio_torres@Torres-300E5M-300E5L:~/IC/python_graphs$ python nxnetwork.py 
Partition of a set of 139679 objects. Total size = 21268696 bytes.
 Index  Count   %     Size   % Cumulative  % Kind (class / dict of class)
     0  67012  48  8200056  39   8200056  39 str
     1  34702  25  3002840  14  11202896  53 tuple
     2    519   0  1566120   7  12769016  60 dict of module
     3   9039   6  1156992   5  13926008  65 types.CodeType
     4    999   1  1056552   5  14982560  70 dict (no owner)
     5   8132   6   975840   5  15958400  75 function
     6    840   1   764352   4  16722752  79 dict of type
     7    840   1   756600   4  17479352  82 type
     8    496   0   476504   2  17955856  84 unicode
     9   2138   2   328976   2  18284832  86 list
<320 more rows. Type e.g. '_.more' to view.>
rubio_torres@Torres-300E5M-300E5L:~/IC/python_graphs$ python matriz.py
Partition of a set of 51872 objects. Total size = 5554488 bytes.
 Index  Count   %     Size   % Cumulative  % Kind (class / dict of class)
     0  29054  56  1909016  34   1909016  34 str
     1   8698  17  1261648  23   3170664  57 list
     2   5902  11   476104   9   3646768  66 tuple
     3    325   1   281080   5   3927848  71 dict (no owner)
     4     72   0   217536   4   4145384  75 dict of module
     5    200   0   211904   4   4357288  78 dict of type
     6   1636   3   209408   4   4566696  82 types.CodeType
     7   1600   3   192000   3   4758696  86 function
     8    200   0   177912   3   4936608  89 type
     9    124   0   135328   2   5071936  91 dict of class
<90 more rows. Type e.g. '_.more' to view.>
rubio_torres@Torres-300E5M-300E5L:~/IC/python_graphs$ python nxnetwork.py 
Partition of a set of 176542 objects. Total size = 27938664 bytes.
 Index  Count   %     Size   % Cumulative  % Kind (class / dict of class)
     0  84044  48  9156096  33   9156096  33 str
     1  12320   7  5543552  20  14699648  53 dict (no owner)
     2  34702  20  3002840  11  17702488  63 tuple
     3    519   0  1566120   6  19268608  69 dict of module
     4  10648   6  1555904   6  20824512  75 list
     5   9039   5  1156992   4  21981504  79 types.CodeType
     6   8132   5   975840   3  22957344  82 function
     7    840   0   764352   3  23721696  85 dict of type
     8    840   0   756600   3  24478296  88 type
     9    496   0   476504   2  24954800  89 unicode
<320 more rows. Type e.g. '_.more' to view.>
rubio_torres@Torres-300E5M-300E5L:~/IC/python_graphs$ python matriz.py
Partition of a set of 26750 objects. Total size = 3397984 bytes.
 Index  Count   %     Size   % Cumulative  % Kind (class / dict of class)
     0  12306  46   967344  28    967344  28 str
     1   5902  22   476104  14   1443448  42 tuple
     2    325   1   281080   8   1724528  51 dict (no owner)
     3     72   0   217536   6   1942064  57 dict of module
     4    200   1   211904   6   2153968  63 dict of type
     5   1636   6   209408   6   2363376  70 types.CodeType
     6   1600   6   192000   6   2555376  75 function
     7    200   1   177912   5   2733288  80 type
     8    124   0   135328   4   2868616  84 dict of class
     9   1045   4    83600   2   2952216  87 __builtin__.wrapper_descriptor
<90 more rows. Type e.g. '_.more' to view.>
rubio_torres@Torres-300E5M-300E5L:~/IC/python_graphs$ python nxnetwork.py 
Partition of a set of 140283 objects. Total size = 21380280 bytes.
 Index  Count   %     Size   % Cumulative  % Kind (class / dict of class)
     0  67296  48  8214424  38   8214424  38 str
     1  34702  25  3002840  14  11217264  52 tuple
     2    519   0  1566120   7  12783384  60 dict of module
     3   9039   6  1156992   5  13940376  65 types.CodeType
     4   1183   1  1134184   5  15074560  71 dict (no owner)
     5   8132   6   975840   5  16050400  75 function
     6    840   1   764352   4  16814752  79 dict of type
     7    840   1   756600   4  17571352  82 type
     8    496   0   476504   2  18047856  84 unicode
     9   2274   2   348560   2  18396416  86 list
<320 more rows. Type e.g. '_.more' to view.>
rubio_torres@Torres-300E5M-300E5L:~/IC/python_graphs$ python matriz.py
Partition of a set of 361001 objects. Total size = 31800984 bytes.
 Index  Count   %     Size   % Cumulative  % Kind (class / dict of class)
     0 111741  31 16164840  51  16164840  51 list
     1 235140  65 13252328  42  29417168  93 str
     2   5902   2   476104   1  29893272  94 tuple
     3    325   0   281080   1  30174352  95 dict (no owner)
     4     72   0   217536   1  30391888  96 dict of module
     5    200   0   211904   1  30603792  96 dict of type
     6   1636   0   209408   1  30813200  97 types.CodeType
     7   1600   0   192000   1  31005200  97 function
     8    200   0   177912   1  31183112  98 type
     9    124   0   135328   0  31318440  98 dict of class
<90 more rows. Type e.g. '_.more' to view.>
rubio_torres@Torres-300E5M-300E5L:~/IC/python_graphs$ python nxnetwork.py 
Partition of a set of 603081 objects. Total size = 104787656 bytes.
 Index  Count   %     Size   % Cumulative  % Kind (class / dict of class)
     0 129730  22 56187568  54  56187568  54 dict (no owner)
     1 290130  48 20499408  20  76686976  73 str
     2 113691  19 16417624  16  93104600  89 list
     3  34702   6  3002840   3  96107440  92 tuple
     4    519   0  1566120   1  97673560  93 dict of module
     5   9039   1  1156992   1  98830552  94 types.CodeType
     6   8132   1   975840   1  99806392  95 function
     7    840   0   764352   1 100570744  96 dict of type
     8    840   0   756600   1 101327344  97 type
     9    496   0   476504   0 101803848  97 unicode
<320 more rows. Type e.g. '_.more' to view.>
rubio_torres@Torres-300E5M-300E5L:~/IC/python_graphs$ 

